Red: 12
Green: 3
Blue: 4
Alpha: 1
Red: 1
Green: 2
Blue: 3
Alpha: 4
